{
    "observedValue": 7223,
    "observedUnit": "ms",
    "status": "warn",
    "time": "2024-01-15T12:43:48+00:00",
    "output": "Response time threshold 500ms surpassed"
}
