{
    "status": "fail",
    "output": "2 dependencies have problems:\\n\\nDoctrine:responseTime: An exception occurred in the driver: SQLSTATE[HY000] [2002] No such file or directory\nIntegrity Line:responseTime: cURL error 6: Could not resolve host: not-existing (see https:\/\/curl.haxx.se\/libcurl\/c\/libcurl-errors.html)",
    "checks": {
        "Doctrine:responseTime": {
            "observedUnit": "ms",
            "status": "fail",
            "time": "2024-01-01T00:01:00+00:00",
            "output": "An exception occurred in the driver: SQLSTATE[HY000] [2002] No such file or directory"
        },
        "Integrity Line:responseTime": {
            "observedUnit": "ms",
            "status": "fail",
            "time": "2024-01-01T00:01:00+00:00",
            "output": "cURL error 6: Could not resolve host: not-existing (see https:\/\/curl.haxx.se\/libcurl\/c\/libcurl-errors.html)"
        }
    }
}
