{
    "status": "fail",
    "output": "1 dependency has a problem:\\n\\nDoctrine:responseTime: An exception occurred in the driver: SQLSTATE[HY000] [2002] No such file or directory",
    "checks": {
        "Doctrine:responseTime": {
            "observedUnit": "ms",
            "status": "fail",
            "time": "2024-01-01T00:01:00+00:00",
            "output": "An exception occurred in the driver: SQLSTATE[HY000] [2002] No such file or directory"
        }
    }
}
