{
    "status": "warn",
    "output": "1 dependency has a problem:\\n\\nMinor:responseTime: Foo",
    "checks": {
        "Example:responseTime": {
            "componentId": "baz",
            "componentType": "component",
            "observedUnit": "ms",
            "status": "pass",
            "affectedEndpoints": [
                "/api/foo"
            ],
            "time": "2024-01-01T00:01:00+00:00"
        },
        "Minor:responseTime": {
            "observedUnit": "ms",
            "status": "fail",
            "time": "2024-01-01T00:01:00+00:00",
            "output": "Foo"
        }
    }
}